// Jest Snapshot v1, https://goo.gl/fbAQLP

exports[`Link changes the class when hovered 1`] = `
<div>
  <style
    dangerouslySetInnerHTML={
      Object {
        "__html": "@media print{.css-1h8td7x-MuiDialog-root{position:absolute!important;}}",
      }
    }
    data-emotion="css 1h8td7x-MuiDialog-root"
  />
</div>
`;
